3a2abcdef3a5abcdef386abcdef3bfabcdef37fabcdef3e9abcdef356abcdef384abcdef3c3abcdef31babcdef387abcde386abcdf36dabcef329abdef3c4acdef38ebcdef